node : C:\Users\Pr├®cis
ion\Desktop\ma 
vids\Pummel Party\SporK
ey\backend\tests\runner
.js:45
Au caractère Ligne:1 : 
23
+ 
$env:NODE_ENV="test"; 
node tests/runner.js > 
test_output.txt 2>&1
+                      
 ~~~~~~~~~~~~~~~~~~~~~~
~~~~~~~~~~~~~~~~~~~~~
    + CategoryInfo     
         : NotSpecifi  
  ed: (C:\Users\Pr├®   
 ci...ts\runner.js:    
45:String) [], Rem    
oteException
    + FullyQualifiedEr 
   rorId : NativeComm  
  andError
 
      assert.strictEqua
l(res.status, 200, 
\`Expected status 200, 
got \${res.status}\`);
                       
                   ^

SyntaxError: Invalid 
or unexpected token
    at wrapSafe (node:i
nternal/modules/cjs/loa
der:1692:18)
    at Module._compile 
(node:internal/modules/
cjs/loader:1735:20)
    at Object..js (node
:internal/modules/cjs/l
oader:1893:10)
    at Module.load (nod
e:internal/modules/cjs/
loader:1481:32)
    at Module._load (no
de:internal/modules/cjs
/loader:1300:12)
    at TracingChannel.t
raceSync (node:diagnost
ics_channel:328:14)
    at wrapModuleLoad (
node:internal/modules/c
js/loader:245:24)
    at Module.executeUs
erEntryPoint [as 
runMain] (node:internal
/modules/run_main:154:5
)
    at node:internal/ma
in/run_main_module:33:4
7

Node.js v24.11.1
